ESP-ROM:esp32s3-20210327
Build:Mar 27 2021
rst:0x1 (POWERON),boot:0x8 (SPI_FAST_FLASH_BOOT)
SPIWP:0xee
mode:DIO, clock div:1
load:0x3fce3818,len:0x1750
load:0x403c9700,len:0x4
load:0x403c9704,len:0xc00
load:0x403cc700,len:0x2e04
entry 0x403c9908
[0;32mI (27) boot: ESP-IDF 5.1.2 2nd stage bootloader[0m
[0;32mI (27) boot: compile time Jan  9 2024 19:55:41[0m
[0;32mI (27) boot: Multicore bootloader[0m
[0;32mI (30) boot: chip revision: v0.1[0m
[0;32mI (34) boot.esp32s3: Boot SPI Speed : 80MHz[0m
[0;32mI (38) boot.esp32s3: SPI Mode       : DIO[0m
[0;32mI (43) boot.esp32s3: SPI Flash Size : 16MB[0m
[0;32mI (48) boot: Enabling RNG early entropy source...[0m
[0;32mI (53) boot: Partition Table:[0m
[0;32mI (57) boot: ## Label            Usage          Type ST Offset   Length[0m
[0;32mI (64) boot:  0 nvs              WiFi data        01 02 00009000 00006000[0m
[0;32mI (72) boot:  1 phy_init         RF data          01 01 0000f000 00001000[0m
[0;32mI (79) boot:  2 factory          factory app      00 00 00010000 00100000[0m
[0;32mI (87) boot: End of partition table[0m
[0;32mI (91) esp_image: segment 0: paddr=00010020 vaddr=3c0a0020 size=25898h (153752) map[0m
[0;32mI (127) esp_image: segment 1: paddr=000358c0 vaddr=3fc96e00 size=04424h ( 17444) load[0m
[0;32mI (131) esp_image: segment 2: paddr=00039cec vaddr=40374000 size=0632ch ( 25388) load[0m
[0;32mI (138) esp_image: segment 3: paddr=00040020 vaddr=42000020 size=99110h (626960) map[0m
[0;32mI (254) esp_image: segment 4: paddr=000d9138 vaddr=4037a32c size=0cac0h ( 51904) load[0m
[0;32mI (273) boot: Loaded app from partition at offset 0x10000[0m
[0;32mI (273) boot: Disabling RNG early entropy source...[0m
[0;32mI (285) cpu_start: Multicore app[0m
[0;32mI (285) cpu_start: Pro cpu up.[0m
[0;32mI (285) cpu_start: Starting app cpu, entry point is 0x40375a18[0m
[0;32mI (0) cpu_start: App cpu up.[0m
[0;32mI (303) cpu_start: Pro cpu start user code[0m
[0;32mI (303) cpu_start: cpu freq: 160000000 Hz[0m
[0;32mI (303) cpu_start: Application information:[0m
[0;32mI (306) cpu_start: Project name:     CroqConnect[0m
[0;32mI (312) cpu_start: App version:      1[0m
[0;32mI (316) cpu_start: Compile time:     Jan  9 2024 19:55:17[0m
[0;32mI (322) cpu_start: ELF file SHA256:  ecaeecb8...[0m
[0;32mI (327) cpu_start: ESP-IDF:          5.1.2[0m
[0;32mI (332) cpu_start: Min chip rev:     v0.0[0m
[0;32mI (337) cpu_start: Max chip rev:     v0.99 [0m
[0;32mI (342) cpu_start: Chip rev:         v0.1[0m
[0;32mI (347) heap_init: Initializing. RAM available for dynamic allocation:[0m
[0;32mI (354) heap_init: At 3FC9F168 len 0004A5A8 (297 KiB): DRAM[0m
[0;32mI (360) heap_init: At 3FCE9710 len 00005724 (21 KiB): STACK/DRAM[0m
[0;32mI (367) heap_init: At 3FCF0000 len 00008000 (32 KiB): DRAM[0m
[0;32mI (373) heap_init: At 600FE010 len 00001FD8 (7 KiB): RTCRAM[0m
[0;32mI (380) spi_flash: detected chip: gd[0m
[0;32mI (383) spi_flash: flash io: dio[0m
[0;32mI (388) app_start: Starting scheduler on CPU0[0m
[0;32mI (392) app_start: Starting scheduler on CPU1[0m
[0;32mI (392) main_task: Started on CPU0[0m
[0;32mI (402) main_task: Calling app_main()[0m
[0;32mI (402) wifi_example: D√©marrage de l'application[0m
[0;32mI (442) pp: pp rom version: e7ae62f[0m
[0;32mI (442) net80211: net80211 rom version: e7ae62f[0m
I (452) wifi:wifi driver task: 3fca90f8, prio:23, stack:6656, core=0
I (462) wifi:wifi firmware version: 91b9630
I (462) wifi:wifi certification version: v7.0
I (462) wifi:config NVS flash: enabled
I (462) wifi:config nano formating: disabled
I (462) wifi:Init data frame dynamic rx buffer num: 32
I (472) wifi:Init static rx mgmt buffer num: 5
I (472) wifi:Init management short buffer num: 32
I (482) wifi:Init dynamic tx buffer num: 32
I (482) wifi:Init static tx FG buffer num: 2
I (482) wifi:Init static rx buffer size: 1600
I (492) wifi:Init static rx buffer num: 10
I (492) wifi:Init dynamic rx buffer num: 32
[0;32mI (502) wifi_init: rx ba win: 6[0m
[0;32mI (502) wifi_init: tcpip mbox: 32[0m
[0;32mI (502) wifi_init: udp mbox: 6[0m
[0;32mI (512) wifi_init: tcp mbox: 6[0m
[0;32mI (512) wifi_init: tcp tx win: 5760[0m
[0;32mI (522) wifi_init: tcp rx win: 5760[0m
[0;32mI (522) wifi_init: tcp mss: 1440[0m
[0;32mI (522) wifi_init: WiFi IRAM OP enabled[0m
[0;32mI (532) wifi_init: WiFi RX IRAM OP enabled[0m
[0;32mI (542) phy_init: phy_version 620,ec7ec30,Sep  5 2023,13:49:13[0m
I (582) wifi:mode : sta (34:85:18:91:fb:cc)
I (582) wifi:enable tsf
I (592) wifi:new:<11,0>, old:<1,0>, ap:<255,255>, sta:<11,0>, prof:1
I (592) wifi:state: init -> auth (b0)
I (592) wifi:state: auth -> assoc (0)
I (602) wifi:state: assoc -> run (10)
I (612) wifi:connected with freebox_XZNEAJ, aid = 6, channel 11, BW20, bssid = 68:a3:78:76:64:aa
I (612) wifi:security: WPA2-PSK, phy: bgn, rssi: -54
I (622) wifi:pm start, type: 1

I (622) wifi:set rx beacon pti, rx_bcn_pti: 0, bcn_timeout: 25000, mt_pti: 0, mt_time: 10000
[0;32mI (632) wifi_example: Connect√© au r√©seau Wi-Fi[0m
I (642) wifi:<ba-add>idx:0 (ifx:0, 68:a3:78:76:64:aa), tid:0, ssn:0, winSize:64
I (662) wifi:AP's beacon interval = 122880 us, DTIM period = 2
[0;32mI (4132) esp_netif_handlers: sta ip: 192.168.0.49, mask: 255.255.255.0, gw: 192.168.0.254[0m
ESP-ROM:esp32s3-20210327
Build:Mar 27 2021
rst:0x1 (POWERON),boot:0x0 (DOWNLOAD(USB/UART0))
waiting for download
ÔøΩESP-ROM:esp32s3-20210327
Build:Mar 27 2021
rst:0x1 (POWERON),boot:0x8 (SPI_FAST_FLASH_BOOT)
SPIWP:0xee
mode:DIO, clock div:1
load:0x3fce3818,len:0x1750
load:0x403c9700,len:0x4
load:0x403c9704,len:0xc00
load:0x403cc700,len:0x2e04
entry 0x403c9908
[0;32mI (27) boot: ESP-IDF 5.1.2 2nd stage bootloader[0m
[0;32mI (27) boot: compile time Jan  9 2024 19:55:41[0m
[0;32mI (27) boot: Multicore bootloader[0m
[0;32mI (30) boot: chip revision: v0.1[0m
[0;32mI (34) boot.esp32s3: Boot SPI Speed : 80MHz[0m
[0;32mI (38) boo.esp32s3: SPI Mode       : DIO[0m
[0;32mI (43) boot.esp32s3: SPI Flash Size : 16MB[0m
[0;32mI (48) boot: Enabling RNG early entropy source...[0m
[0;32mI (53) boot: Partition Table:[0m
[0;32mI (57) boot: ## Label            Usage          Type ST Offset   Length[0m
[0;32mI (64) boot:  0 nvs              WiFi data        01 02 00009000 00006000[0m
[0;32mI (72) boot:  1 phy_init         RF data          01 01 0000f000 00001000[0m
[0;32mI (79) boot:  2 factory          factory app      00 00 00010000 00100000[0m
[0;32mI (87) boot: End of partition table[0m
[0;32mI (91) esp_image: segment 0: paddr=00010020 vaddr=3c0a0020 size=25898h (153752) map[0m
[0;32mI (127) esp_image: segment 1: paddr=000358c0 vaddr=3fc96e00 size=04424h ( 17444) load[0m
[0;32mI (131) esp_image: segment 2: paddr=00039cec vaddr=40374000 size=0632ch ( 25388) load[0m
[0;32mI (138) esp_image: segment 3: paddr=00040020 vaddr=42000020 size=99110h (626960) map[0m
[0;32mI (254) esp_image: segment 4: paddr=000d9138 vaddr=4037a32c size=0cac0h ( 51904) load[0m
[0;32mI (273) boot: Loaded app from partition at offset 0x10000[0m
[0;32mI (273) boot: Disabling RNG early entropy source...[0m
[0;32mI (285) cpu_start: Multicore app[0m
[0;32mI (285) cpu_start: Pro cpu up.[0m
[0;32mI (285) cpu_start: Starting app cpu, entry point is 0x40375a18[0m
[0;32mI (0) cpu_start: App cpu up.[0m
[0;32mI (303) cpu_start: Pro cpu start user code[0m
[0;32mI (303) cpu_start: cpu freq: 160000000 Hz[0m
[0;32mI (303) cpu_start: Application information:[0m
[0;32mI (306) cpu_start: Project name:     CroqConnect[0m
[0;32mI (312) cpu_start: App version:      1[0m
[0;32mI (316) cpu_start: Compile time:     Jan  9 2024 19:55:17[0m
[0;32mI (322) cpu_start: ELF file SHA256:  ecaeecb8...[0m
[0;32mI (327) cpu_start: ESP-IDF:          5.1.2[0m
[0;32mI (332) cpu_start: Min chip rev:     v0.0[0m
[0;32mI (337) cpu_start: Max chip rev:     v0.99 [0m
[0;32mI (342) cpu_start: Chip rev:         v0.1[0m
[0;32mI (347) heap_init: Initializing. RAM available for dynamic allocation:[0m
[0;32mI (